../Core/Src/main.c:75:6:__io_putchar	16	static
../Core/Src/main.c:85:5:main	16	static
../Core/Src/main.c:176:6:SystemClock_Config	120	static
../Core/Src/main.c:226:13:MX_GPDMA1_Init	16	static
../Core/Src/main.c:254:13:MX_USART1_UART_Init	8	static
../Core/Src/main.c:302:13:MX_USART2_UART_Init	8	static
../Core/Src/main.c:350:13:MX_GPIO_Init	40	static
../Core/Src/main.c:375:6:HAL_UART_RxCpltCallback	16	static
../Core/Src/main.c:381:6:processBuffer	8	static
../Core/Src/main.c:445:6:Error_Handler	4	static,ignoring_inline_asm
