../Core/Src/main.c:77:6:__io_putchar	16	static
../Core/Src/main.c:87:5:main	24	static
../Core/Src/main.c:195:6:SystemClock_Config	120	static
../Core/Src/main.c:245:13:MX_GPDMA1_Init	16	static
../Core/Src/main.c:273:13:MX_USART1_UART_Init	8	static
../Core/Src/main.c:321:13:MX_USART2_UART_Init	8	static
../Core/Src/main.c:369:13:MX_GPIO_Init	40	static
../Core/Src/main.c:394:6:HAL_UART_RxCpltCallback	16	static
../Core/Src/main.c:400:6:processBuffer	24	static
../Core/Src/main.c:431:6:Error_Handler	4	static,ignoring_inline_asm
